// Jest Snapshot v1, https://goo.gl/fbAQLP

exports[`Subscription Type Panel Should render correctly 1`] = `
<div
  className="modal__body wizard__secondary-panel mockClassName"
>
  <div
    className="padding-h-12 padding-v-20 subscription-type-panel"
  >
    <Dropdown
      error={false}
      onChange={[Function]}
      options={
        Array [
          Object {
            "label": "Record subscription",
            "value": "record",
          },
          Object {
            "label": "Bulk subscription",
            "value": "object",
          },
        ]
      }
      placeholder="Select Subscription Type"
      required={true}
      value="record"
    />
    <ModalSubtitleAndError
      error="mockError"
    />
  </div>
  <ModalFooter
    cancelBtnText="Back"
    cancelDisabled={true}
    confirmBtnText="Continue"
    confirmDisabled={true}
    onConfirm={[Function]}
    onHide={[MockFunction]}
  />
</div>
`;
